[2026-04-21 04:45:15] Cron started.
[2026-04-21 04:45:15] No pending tasks found.
[2026-04-21 04:45:15] Cron finished.
[2026-04-21 10:46:28] Cron started.
[2026-04-21 10:46:28] Found 1 pending backup tasks.
[2026-04-21 10:46:28] Running task: DAILY (ID: 7)
[2026-04-21 10:46:28] Task 7 completed successfully.
[2026-04-21 10:46:28] CRON ERROR: Unknown column 'status' in 'field list'
[2026-04-21 10:46:28] Cron finished.
[2026-04-21 10:47:01] Cron started.
[2026-04-21 10:47:01] Found 1 pending backup tasks.
[2026-04-21 10:47:01] Running task: DAILY (ID: 7)
[2026-04-21 10:47:01] Task 7 completed successfully.
[2026-04-21 10:47:01] Next run for task 7 scheduled for 2026-04-22 10:44:00
[2026-04-21 10:47:01] Cron finished.
[2026-04-21 10:47:25] Cron started.
[2026-04-21 10:47:25] No pending tasks found.
[2026-04-21 10:47:25] Cron finished.
[2026-04-21 10:47:31] Cron started.
[2026-04-21 10:47:31] No pending tasks found.
[2026-04-21 10:47:31] Cron finished.
[2026-04-21 10:47:34] Cron started.
[2026-04-21 10:47:34] No pending tasks found.
[2026-04-21 10:47:34] Cron finished.
[2026-04-21 10:47:52] Cron started.
[2026-04-21 10:47:52] No pending tasks found.
[2026-04-21 10:47:52] Cron finished.
[2026-04-21 10:49:09] Cron started.
[2026-04-21 10:49:09] Found 1 pending backup tasks.
[2026-04-21 10:49:09] Running task: DAILY (ID: 9)
[2026-04-21 10:49:09] Task 9 completed successfully.
[2026-04-21 10:49:09] Next run for task 9 scheduled for 2026-04-22 10:49:00
[2026-04-21 10:49:09] Cron finished.
[2026-04-21 10:49:36] Cron started.
[2026-04-21 10:49:36] No pending tasks found.
[2026-04-21 10:49:36] Cron finished.
[2026-04-21 10:51:04] Cron started.
[2026-04-21 10:51:04] No pending tasks found.
[2026-04-21 10:51:04] Cron finished.
[2026-04-21 10:51:22] Cron started.
[2026-04-21 10:51:22] No pending tasks found.
[2026-04-21 10:51:22] Cron finished.
[2026-04-21 10:54:30] Cron started.
[2026-04-21 10:54:30] Found 1 pending backup tasks.
[2026-04-21 10:54:30] Running task: DAILY (ID: 10)
[2026-04-21 10:54:30] Task 10 completed successfully.
[2026-04-21 10:54:30] Next run for task 10 scheduled for 2026-04-22 10:53:00
[2026-04-21 10:54:30] Cron finished.
[2026-04-21 10:59:29] Cron started.
[2026-04-21 10:59:29] Found 1 pending backup tasks.
[2026-04-21 10:59:29] Running task: DAILY (ID: 10)
[2026-04-21 10:59:30] Task 10 completed successfully.
[2026-04-21 10:59:30] Next run for task 10 scheduled for 2026-04-22 10:53:00
[2026-04-21 10:59:30] Cron finished.
[2026-04-21 11:03:29] Cron started.
[2026-04-21 11:03:29] No pending tasks found.
[2026-04-21 11:03:29] Cron finished.
[2026-04-21 14:08:27] Cron started.
[2026-04-21 14:08:27] No pending tasks found.
[2026-04-21 14:08:27] Cron finished.
[2026-04-21 14:15:24] Cron started.
[2026-04-21 14:15:24] No pending tasks found.
[2026-04-21 14:15:24] Cron finished.
